#-----------------------------------------------------------
# Vivado v2020.2 (64-bit)
# SW Build 3064766 on Wed Nov 18 09:12:45 MST 2020
# IP Build 3064653 on Wed Nov 18 14:17:31 MST 2020
# Start of session at: Wed Dec  4 12:36:22 2024
# Process ID: 6068
# Current directory: R:/Desktop/SED2/VGA
# Command line: vivado.exe -gui_launcher_event rodinguilauncherevent6024 R:\Desktop\SED2\VGA\VGA.xpr
# Log file: R:/Desktop/SED2/VGA/vivado.log
# Journal file: R:/Desktop/SED2/VGA\vivado.jou
#-----------------------------------------------------------
start_gui
open_project R:/Desktop/SED2/VGA/VGA.xpr
update_compile_order -fileset sources_1
synth_design -rtl -rtl_skip_mlo -name rtl_1
reset_run synth_1
launch_runs impl_1 -to_step write_bitstream -jobs 4
wait_on_run impl_1
reset_run synth_1
launch_runs impl_1 -to_step write_bitstream -jobs 4
wait_on_run impl_1
reset_run synth_1
launch_runs impl_1 -to_step write_bitstream -jobs 4
wait_on_run impl_1
reset_run synth_1
launch_runs impl_1 -to_step write_bitstream -jobs 4
wait_on_run impl_1
reset_run synth_1
launch_runs impl_1 -to_step write_bitstream -jobs 4
wait_on_run impl_1
reset_run synth_1
launch_runs impl_1 -to_step write_bitstream -jobs 4
wait_on_run impl_1
reset_run synth_1
launch_runs impl_1 -to_step write_bitstream -jobs 4
wait_on_run impl_1
reset_run synth_1
launch_runs impl_1 -to_step write_bitstream -jobs 4
wait_on_run impl_1
# Disabling source management mode.  This is to allow the top design properties to be set without GUI intervention.
set_property source_mgmt_mode None [current_project]
set_property top MEGHOST_tb [get_filesets sim_1]
set_property top_lib xil_defaultlib [get_filesets sim_1]
# Re-enabling previously disabled source management mode.
set_property source_mgmt_mode All [current_project]
update_compile_order -fileset sim_1
launch_simulation
open_wave_config R:/Desktop/SED2/VGA/Top_vga_tb_behav.wcfg
source MEGHOST_tb.tcl
run 10 ms
run 10 ms
relaunch_sim
run 10 ms
run 10 ms
run 10 ms
save_wave_config {R:/Desktop/SED2/VGA/Top_vga_tb_behav.wcfg}
