#-----------------------------------------------------------
# Vivado v2020.2 (64-bit)
# SW Build 3064766 on Wed Nov 18 09:12:45 MST 2020
# IP Build 3064653 on Wed Nov 18 14:17:31 MST 2020
# Start of session at: Wed Dec  4 11:29:02 2024
# Process ID: 3452
# Current directory: R:/Desktop/SED2/VGA
# Command line: vivado.exe -gui_launcher_event rodinguilauncherevent6596 R:\Desktop\SED2\VGA\VGA.xpr
# Log file: R:/Desktop/SED2/VGA/vivado.log
# Journal file: R:/Desktop/SED2/VGA\vivado.jou
#-----------------------------------------------------------
start_gui
open_project R:/Desktop/SED2/VGA/VGA.xpr
update_compile_order -fileset sources_1
synth_design -rtl -rtl_skip_mlo -name rtl_1
write_schematic -format pdf -orientation portrait R:/Desktop.pdf
write_schematic R:/Desktop/schematic.sch
write_schematic -format pdf -orientation portrait R:/Desktop/schematic.pdf
# Disabling source management mode.  This is to allow the top design properties to be set without GUI intervention.
set_property source_mgmt_mode None [current_project]
set_property top Test_ContUp_Down_tb [get_filesets sim_1]
set_property top_lib xil_defaultlib [get_filesets sim_1]
# Re-enabling previously disabled source management mode.
set_property source_mgmt_mode All [current_project]
update_compile_order -fileset sim_1
launch_simulation
