Copyright 1986-2020 Xilinx, Inc. All Rights Reserved.
------------------------------------------------------------------------------------
| Tool Version : Vivado v.2020.2 (win64) Build 3064766 Wed Nov 18 09:12:45 MST 2020
| Date         : Mon Dec  2 11:43:33 2024
| Host         : VD023002 running 64-bit major release  (build 9200)
| Command      : report_control_sets -verbose -file Top_VGA_control_sets_placed.rpt
| Design       : Top_VGA
| Device       : xc7z010
------------------------------------------------------------------------------------

Control Set Information

Table of Contents
-----------------
1. Summary
2. Histogram
3. Flip-Flop Distribution
4. Detailed Control Set Information

1. Summary
----------

+----------------------------------------------------------+-------+
|                          Status                          | Count |
+----------------------------------------------------------+-------+
| Total control sets                                       |    11 |
|    Minimum number of control sets                        |    11 |
|    Addition due to synthesis replication                 |     0 |
|    Addition due to physical synthesis replication        |     0 |
| Unused register locations in slices containing registers |    56 |
+----------------------------------------------------------+-------+
* Control sets can be merged at opt_design using control_set_merge or merge_equivalent_drivers
** Run report_qor_suggestions for automated merging and remapping suggestions


2. Histogram
------------

+--------------------+-------+
|       Fanout       | Count |
+--------------------+-------+
| Total control sets |    11 |
| >= 0 to < 4        |     3 |
| >= 4 to < 6        |     3 |
| >= 6 to < 8        |     0 |
| >= 8 to < 10       |     0 |
| >= 10 to < 12      |     1 |
| >= 12 to < 14      |     2 |
| >= 14 to < 16      |     0 |
| >= 16              |     2 |
+--------------------+-------+
* Control sets can be remapped at either synth_design or opt_design


3. Flip-Flop Distribution
-------------------------

+--------------+-----------------------+------------------------+-----------------+--------------+
| Clock Enable | Synchronous Set/Reset | Asynchronous Set/Reset | Total Registers | Total Slices |
+--------------+-----------------------+------------------------+-----------------+--------------+
| No           | No                    | No                     |              71 |           20 |
| No           | No                    | Yes                    |              71 |           22 |
| No           | Yes                   | No                     |              12 |            2 |
| Yes          | No                    | No                     |               0 |            0 |
| Yes          | No                    | Yes                    |              22 |           12 |
| Yes          | Yes                   | No                     |               0 |            0 |
+--------------+-----------------------+------------------------+-----------------+--------------+


4. Detailed Control Set Information
-----------------------------------

+---------------------------+-------------------------------------------+------------------------+------------------+----------------+--------------+
|        Clock Signal       |               Enable Signal               |    Set/Reset Signal    | Slice Load Count | Bel Load Count | Bels / Slice |
+---------------------------+-------------------------------------------+------------------------+------------------+----------------+--------------+
|  PLL/clk1_o               | CELDAPACMAN/Contfils/counter_reg_reg[3]_0 | rst_IBUF               |                1 |              1 |         1.00 |
|  PLL/clk1_o               | CELDAPACMAN/Contfils/counter_reg_reg[3]_1 | rst_IBUF               |                1 |              1 |         1.00 |
|  SYNCVGA/ContCols/E[0]    |                                           |                        |                1 |              2 |         2.00 |
|  PINTAc/PSJ_reg[2]_0      |                                           |                        |                1 |              4 |         4.00 |
|  PLL/clk1_o               | CELDAPACMAN/S_Enfils__0                   | rst_IBUF               |                2 |              5 |         2.50 |
|  PLL/clk1_o               | CELDAPACMAN/S_EnCols__0                   | rst_IBUF               |                2 |              5 |         2.50 |
|  PLL/clk1_o               | SYNCVGA/ContCols/counter_reg_reg[9]_0[0]  | rst_IBUF               |                6 |             10 |         1.67 |
|  PLL/clk1_o               |                                           | SYNCVGA/ContCols/SR[0] |                2 |             12 |         6.00 |
|  CeldaGHOST/Cont100ms/CLK |                                           | rst_IBUF               |                5 |             12 |         2.40 |
|  PLL/clk1_o               |                                           | rst_IBUF               |               17 |             59 |         3.47 |
|  PLL/clk1_o               |                                           |                        |               18 |             65 |         3.61 |
+---------------------------+-------------------------------------------+------------------------+------------------+----------------+--------------+


